/Users/aljazjustin/soal-programi/3.Letnik/VS/GamePong/Core/Src/main.c:1062:6:StartDefaultTask	1
/Users/aljazjustin/soal-programi/3.Letnik/VS/GamePong/Core/Src/main.c:1081:6:inputReadStick1	1
/Users/aljazjustin/soal-programi/3.Letnik/VS/GamePong/Core/Src/main.c:1112:6:inputReadStick2	1
/Users/aljazjustin/soal-programi/3.Letnik/VS/GamePong/Core/Src/main.c:1247:6:Bot	1
/Users/aljazjustin/soal-programi/3.Letnik/VS/GamePong/Core/Src/main.c:345:6:SystemClock_Config	2
/Users/aljazjustin/soal-programi/3.Letnik/VS/GamePong/Core/Src/main.c:403:6:PeriphCommonClock_Config	1
/Users/aljazjustin/soal-programi/3.Letnik/VS/GamePong/Core/Src/main.c:191:5:main	5
/Users/aljazjustin/soal-programi/3.Letnik/VS/GamePong/Core/Src/main.c:1037:6:play_sound	1
/Users/aljazjustin/soal-programi/3.Letnik/VS/GamePong/Core/Src/main.c:1143:5:vy_change	7
/Users/aljazjustin/soal-programi/3.Letnik/VS/GamePong/Core/Src/main.c:1177:6:Collision	19
/Users/aljazjustin/soal-programi/3.Letnik/VS/GamePong/Core/Src/main.c:1162:5:vx_change	3
/Users/aljazjustin/soal-programi/3.Letnik/VS/GamePong/Core/Src/main.c:1346:6:HAL_TIM_PeriodElapsedCallback	4
/Users/aljazjustin/soal-programi/3.Letnik/VS/GamePong/Core/Src/main.c:1371:6:Error_Handler	1
