/Users/aljazjustin/soal-programi/3.Letnik/VS/GamePong/Core/Src/main.c:1062:6:StartDefaultTask	0	static
/Users/aljazjustin/soal-programi/3.Letnik/VS/GamePong/Core/Src/main.c:1081:6:inputReadStick1	64	static
/Users/aljazjustin/soal-programi/3.Letnik/VS/GamePong/Core/Src/main.c:1112:6:inputReadStick2	64	static
/Users/aljazjustin/soal-programi/3.Letnik/VS/GamePong/Core/Src/main.c:1247:6:Bot	48	static
/Users/aljazjustin/soal-programi/3.Letnik/VS/GamePong/Core/Src/main.c:345:6:SystemClock_Config	136	static
/Users/aljazjustin/soal-programi/3.Letnik/VS/GamePong/Core/Src/main.c:403:6:PeriphCommonClock_Config	200	static
/Users/aljazjustin/soal-programi/3.Letnik/VS/GamePong/Core/Src/main.c:191:5:main	168	static,ignoring_inline_asm
/Users/aljazjustin/soal-programi/3.Letnik/VS/GamePong/Core/Src/main.c:1037:6:play_sound	16	static
/Users/aljazjustin/soal-programi/3.Letnik/VS/GamePong/Core/Src/main.c:1143:5:vy_change	24	static
/Users/aljazjustin/soal-programi/3.Letnik/VS/GamePong/Core/Src/main.c:1177:6:Collision	48	static
/Users/aljazjustin/soal-programi/3.Letnik/VS/GamePong/Core/Src/main.c:1162:5:vx_change	8	static
/Users/aljazjustin/soal-programi/3.Letnik/VS/GamePong/Core/Src/main.c:1346:6:HAL_TIM_PeriodElapsedCallback	8	static
/Users/aljazjustin/soal-programi/3.Letnik/VS/GamePong/Core/Src/main.c:1371:6:Error_Handler	0	static
