/Users/aljazjustin/soal-programi/3.Letnik/VS/GamePong/Core/Src/stm32h7xx_hal_msp.c:69:6:HAL_MspInit	16	static
/Users/aljazjustin/soal-programi/3.Letnik/VS/GamePong/Core/Src/stm32h7xx_hal_msp.c:95:6:HAL_ADC_MspInit	16	static
/Users/aljazjustin/soal-programi/3.Letnik/VS/GamePong/Core/Src/stm32h7xx_hal_msp.c:148:6:HAL_ADC_MspDeInit	0	static
/Users/aljazjustin/soal-programi/3.Letnik/VS/GamePong/Core/Src/stm32h7xx_hal_msp.c:189:6:HAL_CRC_MspInit	8	static
/Users/aljazjustin/soal-programi/3.Letnik/VS/GamePong/Core/Src/stm32h7xx_hal_msp.c:211:6:HAL_CRC_MspDeInit	0	static
/Users/aljazjustin/soal-programi/3.Letnik/VS/GamePong/Core/Src/stm32h7xx_hal_msp.c:233:6:HAL_DMA2D_MspInit	16	static
/Users/aljazjustin/soal-programi/3.Letnik/VS/GamePong/Core/Src/stm32h7xx_hal_msp.c:258:6:HAL_DMA2D_MspDeInit	0	static
/Users/aljazjustin/soal-programi/3.Letnik/VS/GamePong/Core/Src/stm32h7xx_hal_msp.c:283:6:HAL_JPEG_MspInit	24	static
/Users/aljazjustin/soal-programi/3.Letnik/VS/GamePong/Core/Src/stm32h7xx_hal_msp.c:367:6:HAL_JPEG_MspDeInit	8	static
/Users/aljazjustin/soal-programi/3.Letnik/VS/GamePong/Core/Src/stm32h7xx_hal_msp.c:396:6:HAL_LTDC_MspInit	248	static
/Users/aljazjustin/soal-programi/3.Letnik/VS/GamePong/Core/Src/stm32h7xx_hal_msp.c:508:6:HAL_LTDC_MspDeInit	8	static
/Users/aljazjustin/soal-programi/3.Letnik/VS/GamePong/Core/Src/stm32h7xx_hal_msp.c:576:6:HAL_QSPI_MspInit	264	static
/Users/aljazjustin/soal-programi/3.Letnik/VS/GamePong/Core/Src/stm32h7xx_hal_msp.c:669:6:HAL_QSPI_MspDeInit	8	static
/Users/aljazjustin/soal-programi/3.Letnik/VS/GamePong/Core/Src/stm32h7xx_hal_msp.c:712:6:HAL_TIM_Base_MspInit	16	static
/Users/aljazjustin/soal-programi/3.Letnik/VS/GamePong/Core/Src/stm32h7xx_hal_msp.c:742:6:HAL_TIM_MspPostInit	40	static
/Users/aljazjustin/soal-programi/3.Letnik/VS/GamePong/Core/Src/stm32h7xx_hal_msp.c:774:6:HAL_TIM_Base_MspDeInit	0	static
/Users/aljazjustin/soal-programi/3.Letnik/VS/GamePong/Core/Src/stm32h7xx_hal_msp.c:915:6:HAL_SDRAM_MspInit	240	static
/Users/aljazjustin/soal-programi/3.Letnik/VS/GamePong/Core/Src/stm32h7xx_hal_msp.c:999:6:HAL_SDRAM_MspDeInit	8	static
