../../Middlewares/ST/touchgfx/framework/include/touchgfx/Screen.hpp:104:18:virtual void touchgfx::Screen::afterTransition()	0	static
../../Middlewares/ST/touchgfx/framework/include/touchgfx/Screen.hpp:144:18:virtual void touchgfx::Screen::handleTickEvent()	0	static
../../Middlewares/ST/touchgfx/framework/include/touchgfx/Screen.hpp:154:18:virtual void touchgfx::Screen::handleKeyEvent(uint8_t)	0	static
/Users/aljazjustin/soal-programi/3.Letnik/VS/GamePong/TouchGFX/gui/src/screen2_screen/Screen2View.cpp:14:6:virtual void Screen2View::tearDownScreen()	0	static
../../TouchGFX/gui/include/gui/screen2_screen/Screen2View.hpp:11:13:Screen2View::~Screen2View()	8	static
../../TouchGFX/gui/include/gui/screen2_screen/Screen2View.hpp:11:13:virtual Screen2View::~Screen2View()	8	static
/Users/aljazjustin/soal-programi/3.Letnik/VS/GamePong/TouchGFX/gui/src/screen2_screen/Screen2View.cpp:4:1:Screen2View::Screen2View()	8	static
/Users/aljazjustin/soal-programi/3.Letnik/VS/GamePong/TouchGFX/gui/src/screen2_screen/Screen2View.cpp:9:6:virtual void Screen2View::setupScreen()	0	static
/Users/aljazjustin/soal-programi/3.Letnik/VS/GamePong/TouchGFX/gui/src/screen2_screen/Screen2View.cpp:20:6:virtual void Screen2View::updateRightScore(int)	8	static
/Users/aljazjustin/soal-programi/3.Letnik/VS/GamePong/TouchGFX/gui/src/screen2_screen/Screen2View.cpp:27:6:virtual void Screen2View::updateLeftScore(int)	8	static
/Users/aljazjustin/soal-programi/3.Letnik/VS/GamePong/TouchGFX/gui/src/screen2_screen/Screen2View.cpp:34:6:virtual void Screen2View::updateRightBrick(int, int)	24	static
/Users/aljazjustin/soal-programi/3.Letnik/VS/GamePong/TouchGFX/gui/src/screen2_screen/Screen2View.cpp:43:6:virtual void Screen2View::updateLeftBrick(int, int)	24	static
/Users/aljazjustin/soal-programi/3.Letnik/VS/GamePong/TouchGFX/gui/src/screen2_screen/Screen2View.cpp:53:6:virtual void Screen2View::updateBall(int, int)	24	static
