../../TouchGFX/gui/include/gui/model/ModelListener.hpp:18:18:virtual void ModelListener::updateScore(int, int)	0	static
../../TouchGFX/gui/include/gui/model/ModelListener.hpp:19:15:virtual void ModelListener::updateRightBrick(int, int)	0	static
../../TouchGFX/gui/include/gui/model/ModelListener.hpp:20:15:virtual void ModelListener::updateLeftBrick(int, int)	0	static
../../TouchGFX/gui/include/gui/model/ModelListener.hpp:21:15:virtual void ModelListener::updateBall(int, int)	0	static
../../TouchGFX/gui/include/gui/screen1_screen/Screen1Presenter.hpp:28:13:Screen1Presenter::~Screen1Presenter()	0	static
/Users/aljazjustin/soal-programi/3.Letnik/VS/GamePong/TouchGFX/gui/src/screen1_screen/Screen1Presenter.cpp:10:6:virtual void Screen1Presenter::activate()	0	static
/Users/aljazjustin/soal-programi/3.Letnik/VS/GamePong/TouchGFX/gui/src/screen1_screen/Screen1Presenter.cpp:20:6:virtual void Screen1Presenter::updateScore(int)	0	static
../../TouchGFX/gui/include/gui/screen1_screen/Screen1Presenter.hpp:28:13:virtual Screen1Presenter::~Screen1Presenter()	8	static
../../TouchGFX/gui/include/gui/screen1_screen/Screen1Presenter.hpp:28:13:virtual void* Screen1Presenter::_ZThn4_N16Screen1PresenterD1Ev()	0	static
../../TouchGFX/gui/include/gui/screen1_screen/Screen1Presenter.hpp:28:13:virtual void* Screen1Presenter::_ZThn4_N16Screen1PresenterD0Ev()	8	static
/Users/aljazjustin/soal-programi/3.Letnik/VS/GamePong/TouchGFX/gui/src/screen1_screen/Screen1Presenter.cpp:4:1:Screen1Presenter::Screen1Presenter(Screen1View&)	4	static
